-- The C compiler identification is GNU 11.4.0
-- The CXX compiler identification is GNU 11.4.0
-- Detecting C compiler ABI info
-- Detecting C compiler ABI info - done
-- Check for working C compiler: /usr/bin/cc - skipped
-- Detecting C compile features
-- Detecting C compile features - done
-- Detecting CXX compiler ABI info
-- Detecting CXX compiler ABI info - done
-- Check for working CXX compiler: /usr/bin/c++ - skipped
-- Detecting CXX compile features
-- Detecting CXX compile features - done
-- Found ament_cmake: 1.3.12 (/opt/ros/humble/share/ament_cmake/cmake)
-- Found Python3: /usr/bin/python3 (found version "3.10.12") found components: Interpreter 
-- Found rclcpp: 16.0.16 (/opt/ros/humble/share/rclcpp/cmake)
-- Found rosidl_generator_c: 3.1.7 (/opt/ros/humble/share/rosidl_generator_c/cmake)
-- Found rosidl_adapter: 3.1.7 (/opt/ros/humble/share/rosidl_adapter/cmake)
-- Found rosidl_generator_cpp: 3.1.7 (/opt/ros/humble/share/rosidl_generator_cpp/cmake)
-- Using all available rosidl_typesupport_c: rosidl_typesupport_fastrtps_c;rosidl_typesupport_introspection_c
-- Using all available rosidl_typesupport_cpp: rosidl_typesupport_fastrtps_cpp;rosidl_typesupport_introspection_cpp
-- Found rmw_implementation_cmake: 6.1.2 (/opt/ros/humble/share/rmw_implementation_cmake/cmake)
-- Found rmw_fastrtps_cpp: 6.2.9 (/opt/ros/humble/share/rmw_fastrtps_cpp/cmake)
-- Found OpenSSL: /usr/lib/x86_64-linux-gnu/libcrypto.so (found version "3.0.2")  
-- Found FastRTPS: /opt/ros/humble/include  
-- Using RMW implementation 'rmw_fastrtps_cpp' as default
-- Looking for pthread.h
-- Looking for pthread.h - found
-- Performing Test CMAKE_HAVE_LIBC_PTHREAD
-- Performing Test CMAKE_HAVE_LIBC_PTHREAD - Success
-- Found Threads: TRUE  
-- Found sensor_msgs: 4.9.0 (/opt/ros/humble/share/sensor_msgs/cmake)
-- Found image_transport: 3.1.12 (/opt/ros/humble/share/image_transport/cmake)
-- Found cv_bridge: 3.2.1 (/opt/ros/humble/share/cv_bridge/cmake)
-- Found OpenCV: /usr (found version "4.5.4") 
-- Found PkgConfig: /usr/bin/pkg-config (found version "0.29.2") 
-- Checking for module 'libcurl'
--   Found libcurl, version 7.81.0
-- Configuring done
-- Generating done
-- Build files have been written to: /home/francesco/Depth-Anything-3-Dockerized/api/da3_ros2_cpp/build/da3_ros2_cpp
[ 25%] [32mBuilding CXX object CMakeFiles/da3_depth_compressed_node.dir/src/da3_depth_compressed_node.cpp.o[0m
[ 50%] [32mBuilding CXX object CMakeFiles/da3_depth_node.dir/src/da3_depth_node.cpp.o[0m
[ 75%] [32m[1mLinking CXX executable da3_depth_node[0m
[100%] [32m[1mLinking CXX executable da3_depth_compressed_node[0m
[100%] Built target da3_depth_compressed_node
[100%] Built target da3_depth_node
-- Install configuration: ""
-- Installing: /home/francesco/Depth-Anything-3-Dockerized/api/da3_ros2_cpp/install/da3_ros2_cpp/lib/da3_ros2_cpp/da3_depth_node
-- Set runtime path of "/home/francesco/Depth-Anything-3-Dockerized/api/da3_ros2_cpp/install/da3_ros2_cpp/lib/da3_ros2_cpp/da3_depth_node" to ""
-- Installing: /home/francesco/Depth-Anything-3-Dockerized/api/da3_ros2_cpp/install/da3_ros2_cpp/lib/da3_ros2_cpp/da3_depth_compressed_node
-- Set runtime path of "/home/francesco/Depth-Anything-3-Dockerized/api/da3_ros2_cpp/install/da3_ros2_cpp/lib/da3_ros2_cpp/da3_depth_compressed_node" to ""
-- Installing: /home/francesco/Depth-Anything-3-Dockerized/api/da3_ros2_cpp/install/da3_ros2_cpp/share/ament_index/resource_index/package_run_dependencies/da3_ros2_cpp
-- Installing: /home/francesco/Depth-Anything-3-Dockerized/api/da3_ros2_cpp/install/da3_ros2_cpp/share/ament_index/resource_index/parent_prefix_path/da3_ros2_cpp
-- Installing: /home/francesco/Depth-Anything-3-Dockerized/api/da3_ros2_cpp/install/da3_ros2_cpp/share/da3_ros2_cpp/environment/ament_prefix_path.sh
-- Installing: /home/francesco/Depth-Anything-3-Dockerized/api/da3_ros2_cpp/install/da3_ros2_cpp/share/da3_ros2_cpp/environment/ament_prefix_path.dsv
-- Installing: /home/francesco/Depth-Anything-3-Dockerized/api/da3_ros2_cpp/install/da3_ros2_cpp/share/da3_ros2_cpp/environment/path.sh
-- Installing: /home/francesco/Depth-Anything-3-Dockerized/api/da3_ros2_cpp/install/da3_ros2_cpp/share/da3_ros2_cpp/environment/path.dsv
-- Installing: /home/francesco/Depth-Anything-3-Dockerized/api/da3_ros2_cpp/install/da3_ros2_cpp/share/da3_ros2_cpp/local_setup.bash
-- Installing: /home/francesco/Depth-Anything-3-Dockerized/api/da3_ros2_cpp/install/da3_ros2_cpp/share/da3_ros2_cpp/local_setup.sh
-- Installing: /home/francesco/Depth-Anything-3-Dockerized/api/da3_ros2_cpp/install/da3_ros2_cpp/share/da3_ros2_cpp/local_setup.zsh
-- Installing: /home/francesco/Depth-Anything-3-Dockerized/api/da3_ros2_cpp/install/da3_ros2_cpp/share/da3_ros2_cpp/local_setup.dsv
-- Installing: /home/francesco/Depth-Anything-3-Dockerized/api/da3_ros2_cpp/install/da3_ros2_cpp/share/da3_ros2_cpp/package.dsv
-- Installing: /home/francesco/Depth-Anything-3-Dockerized/api/da3_ros2_cpp/install/da3_ros2_cpp/share/ament_index/resource_index/packages/da3_ros2_cpp
-- Installing: /home/francesco/Depth-Anything-3-Dockerized/api/da3_ros2_cpp/install/da3_ros2_cpp/share/da3_ros2_cpp/cmake/da3_ros2_cppConfig.cmake
-- Installing: /home/francesco/Depth-Anything-3-Dockerized/api/da3_ros2_cpp/install/da3_ros2_cpp/share/da3_ros2_cpp/cmake/da3_ros2_cppConfig-version.cmake
-- Installing: /home/francesco/Depth-Anything-3-Dockerized/api/da3_ros2_cpp/install/da3_ros2_cpp/share/da3_ros2_cpp/package.xml
