[0.007s] Invoking command in '/home/francesco/Depth-Anything-3-Dockerized/api/da3_ros2_cpp/build/da3_ros2_cpp': CMAKE_PREFIX_PATH=/opt/ros/humble /usr/bin/cmake /home/francesco/Depth-Anything-3-Dockerized/api/da3_ros2_cpp -DCMAKE_INSTALL_PREFIX=/home/francesco/Depth-Anything-3-Dockerized/api/da3_ros2_cpp/install/da3_ros2_cpp
[0.050s] -- The C compiler identification is GNU 11.4.0
[0.089s] -- The CXX compiler identification is GNU 11.4.0
[0.093s] -- Detecting C compiler ABI info
[0.146s] -- Detecting C compiler ABI info - done
[0.149s] -- Check for working C compiler: /usr/bin/cc - skipped
[0.150s] -- Detecting C compile features
[0.150s] -- Detecting C compile features - done
[0.151s] -- Detecting CXX compiler ABI info
[0.206s] -- Detecting CXX compiler ABI info - done
[0.211s] -- Check for working CXX compiler: /usr/bin/c++ - skipped
[0.211s] -- Detecting CXX compile features
[0.212s] -- Detecting CXX compile features - done
[0.213s] -- Found ament_cmake: 1.3.12 (/opt/ros/humble/share/ament_cmake/cmake)
[0.310s] -- Found Python3: /usr/bin/python3 (found version "3.10.12") found components: Interpreter 
[0.361s] -- Found rclcpp: 16.0.16 (/opt/ros/humble/share/rclcpp/cmake)
[0.385s] -- Found rosidl_generator_c: 3.1.7 (/opt/ros/humble/share/rosidl_generator_c/cmake)
[0.387s] -- Found rosidl_adapter: 3.1.7 (/opt/ros/humble/share/rosidl_adapter/cmake)
[0.390s] -- Found rosidl_generator_cpp: 3.1.7 (/opt/ros/humble/share/rosidl_generator_cpp/cmake)
[0.396s] -- Using all available rosidl_typesupport_c: rosidl_typesupport_fastrtps_c;rosidl_typesupport_introspection_c
[0.403s] -- Using all available rosidl_typesupport_cpp: rosidl_typesupport_fastrtps_cpp;rosidl_typesupport_introspection_cpp
[0.424s] -- Found rmw_implementation_cmake: 6.1.2 (/opt/ros/humble/share/rmw_implementation_cmake/cmake)
[0.425s] -- Found rmw_fastrtps_cpp: 6.2.9 (/opt/ros/humble/share/rmw_fastrtps_cpp/cmake)
[0.487s] -- Found OpenSSL: /usr/lib/x86_64-linux-gnu/libcrypto.so (found version "3.0.2")  
[0.505s] -- Found FastRTPS: /opt/ros/humble/include  
[0.532s] -- Using RMW implementation 'rmw_fastrtps_cpp' as default
[0.536s] -- Looking for pthread.h
[0.595s] -- Looking for pthread.h - found
[0.595s] -- Performing Test CMAKE_HAVE_LIBC_PTHREAD
[0.648s] -- Performing Test CMAKE_HAVE_LIBC_PTHREAD - Success
[0.649s] -- Found Threads: TRUE  
[0.679s] -- Found sensor_msgs: 4.9.0 (/opt/ros/humble/share/sensor_msgs/cmake)
[0.696s] -- Found image_transport: 3.1.12 (/opt/ros/humble/share/image_transport/cmake)
[0.712s] -- Found cv_bridge: 3.2.1 (/opt/ros/humble/share/cv_bridge/cmake)
[0.720s] -- Found OpenCV: /usr (found version "4.5.4") 
[0.725s] -- Found PkgConfig: /usr/bin/pkg-config (found version "0.29.2") 
[0.726s] -- Checking for module 'libcurl'
[0.737s] --   Found libcurl, version 7.81.0
[0.822s] -- Configuring done
[0.835s] -- Generating done
[0.840s] -- Build files have been written to: /home/francesco/Depth-Anything-3-Dockerized/api/da3_ros2_cpp/build/da3_ros2_cpp
[0.847s] Invoked command in '/home/francesco/Depth-Anything-3-Dockerized/api/da3_ros2_cpp/build/da3_ros2_cpp' returned '0': CMAKE_PREFIX_PATH=/opt/ros/humble /usr/bin/cmake /home/francesco/Depth-Anything-3-Dockerized/api/da3_ros2_cpp -DCMAKE_INSTALL_PREFIX=/home/francesco/Depth-Anything-3-Dockerized/api/da3_ros2_cpp/install/da3_ros2_cpp
[0.849s] Invoking command in '/home/francesco/Depth-Anything-3-Dockerized/api/da3_ros2_cpp/build/da3_ros2_cpp': CMAKE_PREFIX_PATH=/opt/ros/humble /usr/bin/cmake --build /home/francesco/Depth-Anything-3-Dockerized/api/da3_ros2_cpp/build/da3_ros2_cpp -- -j22 -l22
[0.888s] [ 25%] [32mBuilding CXX object CMakeFiles/da3_depth_compressed_node.dir/src/da3_depth_compressed_node.cpp.o[0m
[0.889s] [ 50%] [32mBuilding CXX object CMakeFiles/da3_depth_node.dir/src/da3_depth_node.cpp.o[0m
[6.486s] [ 75%] [32m[1mLinking CXX executable da3_depth_node[0m
[6.523s] [100%] [32m[1mLinking CXX executable da3_depth_compressed_node[0m
[7.026s] [100%] Built target da3_depth_compressed_node
[7.031s] [100%] Built target da3_depth_node
[7.040s] Invoked command in '/home/francesco/Depth-Anything-3-Dockerized/api/da3_ros2_cpp/build/da3_ros2_cpp' returned '0': CMAKE_PREFIX_PATH=/opt/ros/humble /usr/bin/cmake --build /home/francesco/Depth-Anything-3-Dockerized/api/da3_ros2_cpp/build/da3_ros2_cpp -- -j22 -l22
[7.049s] Invoking command in '/home/francesco/Depth-Anything-3-Dockerized/api/da3_ros2_cpp/build/da3_ros2_cpp': CMAKE_PREFIX_PATH=/opt/ros/humble /usr/bin/cmake --install /home/francesco/Depth-Anything-3-Dockerized/api/da3_ros2_cpp/build/da3_ros2_cpp
[7.052s] -- Install configuration: ""
[7.052s] -- Installing: /home/francesco/Depth-Anything-3-Dockerized/api/da3_ros2_cpp/install/da3_ros2_cpp/lib/da3_ros2_cpp/da3_depth_node
[7.054s] -- Set runtime path of "/home/francesco/Depth-Anything-3-Dockerized/api/da3_ros2_cpp/install/da3_ros2_cpp/lib/da3_ros2_cpp/da3_depth_node" to ""
[7.054s] -- Installing: /home/francesco/Depth-Anything-3-Dockerized/api/da3_ros2_cpp/install/da3_ros2_cpp/lib/da3_ros2_cpp/da3_depth_compressed_node
[7.056s] -- Set runtime path of "/home/francesco/Depth-Anything-3-Dockerized/api/da3_ros2_cpp/install/da3_ros2_cpp/lib/da3_ros2_cpp/da3_depth_compressed_node" to ""
[7.056s] -- Installing: /home/francesco/Depth-Anything-3-Dockerized/api/da3_ros2_cpp/install/da3_ros2_cpp/share/ament_index/resource_index/package_run_dependencies/da3_ros2_cpp
[7.056s] -- Installing: /home/francesco/Depth-Anything-3-Dockerized/api/da3_ros2_cpp/install/da3_ros2_cpp/share/ament_index/resource_index/parent_prefix_path/da3_ros2_cpp
[7.056s] -- Installing: /home/francesco/Depth-Anything-3-Dockerized/api/da3_ros2_cpp/install/da3_ros2_cpp/share/da3_ros2_cpp/environment/ament_prefix_path.sh
[7.056s] -- Installing: /home/francesco/Depth-Anything-3-Dockerized/api/da3_ros2_cpp/install/da3_ros2_cpp/share/da3_ros2_cpp/environment/ament_prefix_path.dsv
[7.056s] -- Installing: /home/francesco/Depth-Anything-3-Dockerized/api/da3_ros2_cpp/install/da3_ros2_cpp/share/da3_ros2_cpp/environment/path.sh
[7.056s] -- Installing: /home/francesco/Depth-Anything-3-Dockerized/api/da3_ros2_cpp/install/da3_ros2_cpp/share/da3_ros2_cpp/environment/path.dsv
[7.056s] -- Installing: /home/francesco/Depth-Anything-3-Dockerized/api/da3_ros2_cpp/install/da3_ros2_cpp/share/da3_ros2_cpp/local_setup.bash
[7.056s] -- Installing: /home/francesco/Depth-Anything-3-Dockerized/api/da3_ros2_cpp/install/da3_ros2_cpp/share/da3_ros2_cpp/local_setup.sh
[7.056s] -- Installing: /home/francesco/Depth-Anything-3-Dockerized/api/da3_ros2_cpp/install/da3_ros2_cpp/share/da3_ros2_cpp/local_setup.zsh
[7.056s] -- Installing: /home/francesco/Depth-Anything-3-Dockerized/api/da3_ros2_cpp/install/da3_ros2_cpp/share/da3_ros2_cpp/local_setup.dsv
[7.056s] -- Installing: /home/francesco/Depth-Anything-3-Dockerized/api/da3_ros2_cpp/install/da3_ros2_cpp/share/da3_ros2_cpp/package.dsv
[7.056s] -- Installing: /home/francesco/Depth-Anything-3-Dockerized/api/da3_ros2_cpp/install/da3_ros2_cpp/share/ament_index/resource_index/packages/da3_ros2_cpp
[7.056s] -- Installing: /home/francesco/Depth-Anything-3-Dockerized/api/da3_ros2_cpp/install/da3_ros2_cpp/share/da3_ros2_cpp/cmake/da3_ros2_cppConfig.cmake
[7.057s] -- Installing: /home/francesco/Depth-Anything-3-Dockerized/api/da3_ros2_cpp/install/da3_ros2_cpp/share/da3_ros2_cpp/cmake/da3_ros2_cppConfig-version.cmake
[7.057s] -- Installing: /home/francesco/Depth-Anything-3-Dockerized/api/da3_ros2_cpp/install/da3_ros2_cpp/share/da3_ros2_cpp/package.xml
[7.058s] Invoked command in '/home/francesco/Depth-Anything-3-Dockerized/api/da3_ros2_cpp/build/da3_ros2_cpp' returned '0': CMAKE_PREFIX_PATH=/opt/ros/humble /usr/bin/cmake --install /home/francesco/Depth-Anything-3-Dockerized/api/da3_ros2_cpp/build/da3_ros2_cpp
